Log file open, 12/05/25 17:55:46
LogTrace: Initializing trace...
LogTrace: Finished trace initialization.
LogInit: Session CrashGUID >====================================================
         Session CrashGUID >   UECC-Windows-53F94EBC42527E114AA3E8ADD739210B
         Session CrashGUID >====================================================
LogConfig: No local boot hotfix file found at: [../../../../../../Users/reese/OneDrive/Documents/Unreal Projects/Fall2025-SoloGame/Fall2025_SoloGame/Saved/PersistentDownloadDir/HotfixForNextBoot.txt]
LogPluginManager: Mounting Engine plugin PlatformCrypto
LogInit: ExecutableName: UnrealPak.exe
LogInit: Build: ++UE5+Release-5.6-CL-44394996
LogInit: Platform=WindowsEditor
LogInit: MachineId=7384affe4efb69051e061bb1d92ea81b
LogInit: DeviceId=
LogInit: Engine Version: 5.6.1-44394996+++UE5+Release-5.6
LogInit: Compatible Engine Version: 5.6.0-43139311+++UE5+Release-5.6
LogInit: Net CL: 43139311
LogInit: OS: Windows 11 (22H2) [10.0.22621.4317] (), CPU: AMD Ryzen 7 6800H with Radeon Graphics         , GPU: NVIDIA GeForce RTX 3050 Ti Laptop GPU
LogInit: Compiled (64-bit): Jul 28 2025 21:09:38
LogInit: Architecture: x64
LogInit: Compiled with Visual C++: 19.38.33130.00
LogInit: Build Configuration: Development
LogInit: Branch Name: ++UE5+Release-5.6
LogInit: Command Line: -CreateGlobalContainer="C:\Users\reese\OneDrive\Documents\Unreal Projects\Fall2025-SoloGame\Fall2025_SoloGame\Saved\StagedBuilds\Windows\Fall2025_SoloGame\Content\Paks\global.utoc" -PackageStoreManifest="C:\Users\reese\OneDrive\Documents\Unreal Projects\Fall2025-SoloGame\Fall2025_SoloGame\Saved\Cooked\Windows\Fall2025_SoloGame\Metadata\packagestore.manifest" -CookedDirectory="C:\Users\reese\OneDrive\Documents\Unreal Projects\Fall2025-SoloGame\Fall2025_SoloGame\Saved\Cooked\Windows" -Commands="C:\Users\reese\AppData\Roaming\Unreal Engine\AutomationTool\Logs\C+Program+Files+Epic+Games+UE_5.6\IoStoreCommands.txt" -ScriptObjects="C:\Users\reese\OneDrive\Documents\Unreal Projects\Fall2025-SoloGame\Fall2025_SoloGame\Saved\Cooked\Windows\Fall2025_SoloGame\Metadata\scriptobjects.bin" -patchpaddingalign=2048 -compressionformats=Oodle -compresslevel=4 -compressmethod=Kraken -cryptokeys="C:\Users\reese\OneDrive\Documents\Unreal Projects\Fall2025-SoloGame\Fall2025_SoloGame\Saved\Cooked\Windows\Fall2025_SoloGame\Metadata\Crypto.json" -compressionMinBytesSaved=1024 -compressionMinPercentSaved=5 -WriteBackMetadataToAssetRegistry=Disabled -nopak
LogInit: Base Directory: C:/Program Files/Epic Games/UE_5.6/Engine/Binaries/Win64/
LogInit: Allocator: Mimalloc
LogInit: Installed Engine Build: 1
LogInit: This binary is optimized with LTO: no, PGO: no, instrumented for PGO data collection: no
LogDevObjectVersion: Number of dev versions registered: 35
LogDevObjectVersion:   Dev-Blueprints (B0D832E4-1F89-4F0D-ACCF-7EB736FD4AA2): 10
LogDevObjectVersion:   Dev-Build (E1C64328-A22C-4D53-A36C-8E866417BD8C): 0
LogDevObjectVersion:   Dev-Core (375EC13C-06E4-48FB-B500-84F0262A717E): 4
LogDevObjectVersion:   Dev-Editor (E4B068ED-F494-42E9-A231-DA0B2E46BB41): 40
LogDevObjectVersion:   Dev-Framework (CFFC743F-43B0-4480-9391-14DF171D2073): 37
LogDevObjectVersion:   Dev-Mobile (B02B49B5-BB20-44E9-A304-32B752E40360): 3
LogDevObjectVersion:   Dev-Networking (A4E4105C-59A1-49B5-A7C5-40C4547EDFEE): 0
LogDevObjectVersion:   Dev-Online (39C831C9-5AE6-47DC-9A44-9C173E1C8E7C): 0
LogDevObjectVersion:   Dev-Physics (78F01B33-EBEA-4F98-B9B4-84EACCB95AA2): 20
LogDevObjectVersion:   Dev-Platform (6631380F-2D4D-43E0-8009-CF276956A95A): 0
LogDevObjectVersion:   Dev-Rendering (12F88B9F-8875-4AFC-A67C-D90C383ABD29): 49
LogDevObjectVersion:   Dev-Sequencer (7B5AE74C-D270-4C10-A958-57980B212A5A): 13
LogDevObjectVersion:   Dev-VR (D7296918-1DD6-4BDD-9DE2-64A83CC13884): 3
LogDevObjectVersion:   Dev-LoadTimes (C2A15278-BFE7-4AFE-6C17-90FF531DF755): 1
LogDevObjectVersion:   Private-Geometry (6EACA3D4-40EC-4CC1-B786-8BED09428FC5): 3
LogDevObjectVersion:   Dev-AnimPhys (29E575DD-E0A3-4627-9D10-D276232CDCEA): 17
LogDevObjectVersion:   Dev-Anim (AF43A65D-7FD3-4947-9873-3E8ED9C1BB05): 15
LogDevObjectVersion:   Dev-ReflectionCapture (6B266CEC-1EC7-4B8F-A30B-E4D90942FC07): 1
LogDevObjectVersion:   Dev-Automation (0DF73D61-A23F-47EA-B727-89E90C41499A): 1
LogDevObjectVersion:   FortniteMain (601D1886-AC64-4F84-AA16-D3DE0DEAC7D6): 207
LogDevObjectVersion:   FortniteValkyrie (8DBC2C5B-54A7-43E0-A768-FCBB7DA29060): 8
LogDevObjectVersion:   FortniteSeason (5B4C06B7-2463-4AF8-805B-BF70CDF5D0DD): 13
LogDevObjectVersion:   FortniteRelease (E7086368-6B23-4C58-8439-1B7016265E91): 17
LogDevObjectVersion:   Dev-Enterprise (9DFFBCD6-494F-0158-E221-12823C92A888): 11
LogDevObjectVersion:   Dev-Niagara (F2AED0AC-9AFE-416F-8664-AA7FFA26D6FC): 1
LogDevObjectVersion:   Dev-Destruction (174F1F0B-B4C6-45A5-B13F-2EE8D0FB917D): 10
LogDevObjectVersion:   Dev-Physics-Ext (35F94A83-E258-406C-A318-09F59610247C): 41
LogDevObjectVersion:   Dev-PhysicsMaterial-Chaos (B68FC16E-8B1B-42E2-B453-215C058844FE): 1
LogDevObjectVersion:   Dev-CineCamera (B2E18506-4273-CFC2-A54E-F4BB758BBA07): 1
LogDevObjectVersion:   Dev-VirtualProduction (64F58936-FD1B-42BA-BA96-7289D5D0FA4E): 1
LogDevObjectVersion:   UE5-Main (697DD581-E64F-41AB-AA4A-51ECBEB7B628): 121
LogDevObjectVersion:   UE5-Release (D89B5E42-24BD-4D46-8412-ACA8DF641779): 56
LogDevObjectVersion:   UE5-SpecialProject (59DA5D52-1232-4948-B878-597870B8E98B): 9
LogDevObjectVersion:   Dev-MediaFramework (6F0ED827-A609-4895-9C91-998D90180EA4): 2
LogDevObjectVersion:   Dev-NaniteResearch (30D58BE3-95EA-4282-A6E3-B159D8EBB06A): 1
LogInit: Presizing for max 100000 objects, including 0 objects not considered by GC.
LogInit: Object subsystem initialized
LogConfig: Applying CVar settings from Section [Startup] File [../../../Engine/Config/ConsoleVariables.ini]
LogConfig: CVar [[r.DumpShaderDebugInfo:2]] deferred - dummy variable created
LogConfig: CVar [[p.chaos.AllowCreatePhysxBodies:1]] deferred - dummy variable created
[2025.12.05-22.55.46:687][  0]LogConfig: CVar [[fx.SkipVectorVMBackendOptimizations:1]] deferred - dummy variable created
[2025.12.05-22.55.46:687][  0]LogConfig: CVar [[ds.CADTranslator.Meshing.ActivateThinZoneMeshing:0]] deferred - dummy variable created
[2025.12.05-22.55.46:687][  0]LogConfig: CVar [[ds.CADTranslator.Stitching.RemoveThinFaces:0]] deferred - dummy variable created
[2025.12.05-22.55.46:687][  0]LogConfig: Applying CVar settings from Section [Startup_Windows] File [../../../Engine/Config/ConsoleVariables.ini]
[2025.12.05-22.55.46:687][  0]LogConfig: Applying CVar settings from Section [ConsoleVariables] File [Engine]
[2025.12.05-22.55.46:687][  0]LogInit: Computer: REESE
[2025.12.05-22.55.46:687][  0]LogInit: User: reese
[2025.12.05-22.55.46:687][  0]LogInit: CPU Page size=4096, Cores=8
[2025.12.05-22.55.46:687][  0]LogInit: High frequency timer resolution =10.000000 MHz
[2025.12.05-22.55.46:687][  0]LogMemory: Process is running as part of a Windows Job with separate resource limits
[2025.12.05-22.55.46:687][  0]LogMemory: Memory total: Physical=15.2GB (16GB approx) Virtual=38.2GB
[2025.12.05-22.55.46:687][  0]LogMemory: Platform Memory Stats for WindowsEditor
[2025.12.05-22.55.46:687][  0]LogMemory: Process Physical Memory: 66.90 MB used, 66.90 MB peak
[2025.12.05-22.55.46:687][  0]LogMemory: Process Virtual Memory: 132.02 MB used, 132.02 MB peak
[2025.12.05-22.55.46:687][  0]LogMemory: Physical Memory: 10578.17 MB used,  4978.54 MB free, 15556.71 MB total
[2025.12.05-22.55.46:687][  0]LogMemory: Virtual Memory: 27568.39 MB used,  11540.32 MB free, 39108.71 MB total
[2025.12.05-22.55.46:694][  0]LogAssetRegistry: FAssetRegistry took 0.0001 seconds to start up
[2025.12.05-22.55.46:695][  0]LogUObjectArray: 462 objects as part of root set at end of initial load.
[2025.12.05-22.55.46:695][  0]LogUObjectArray: CloseDisregardForGC: 0/0 objects in disregard for GC pool
[2025.12.05-22.55.46:696][  0]LogInit: Using OS detected language ().
[2025.12.05-22.55.46:696][  0]LogInit: Using OS detected locale ().
[2025.12.05-22.55.46:697][  0]LogTextLocalizationManager: No localization for '' exists, so 'en' will be used for the language.
[2025.12.05-22.55.46:698][  0]LogTextLocalizationManager: No localization for '' exists, so 'en' will be used for the locale.
[2025.12.05-22.55.46:698][  0]LogInit: Using OS detected language ().
[2025.12.05-22.55.46:698][  0]LogInit: Using OS detected locale ().
[2025.12.05-22.55.46:698][  0]LogTextLocalizationManager: No localization for '' exists, so 'en' will be used for the language.
[2025.12.05-22.55.46:698][  0]LogTextLocalizationManager: No localization for '' exists, so 'en' will be used for the locale.
[2025.12.05-22.55.46:698][  0]LogPakFile: Display: ProjectDir: ../../../../../../Users/reese/OneDrive/Documents/Unreal Projects/Fall2025-SoloGame/Fall2025_SoloGame/
[2025.12.05-22.55.46:698][  0]LogIoStore: Display: ==================== IoStore Utils ====================
[2025.12.05-22.55.46:698][  0]LogIoStore: Display: Parsing crypto keys from a crypto key cache file 'C:\Users\reese\OneDrive\Documents\Unreal Projects\Fall2025-SoloGame\Fall2025_SoloGame\Saved\Cooked\Windows\Fall2025_SoloGame\Metadata\Crypto.json'
[2025.12.05-22.55.46:699][  0]LogIoStore: Display: Container signing - DISABLED
[2025.12.05-22.55.46:699][  0]LogIoStore: Display: Directory index - ENABLED
[2025.12.05-22.55.46:699][  0]LogIoStore: Display: Using compression format 'Oodle'
[2025.12.05-22.55.46:699][  0]LogIoStore: Display: Using memory mapping alignment '16384'
[2025.12.05-22.55.46:699][  0]LogIoStore: Display: Using compression block size '65536'
[2025.12.05-22.55.46:700][  0]LogIoStore: Display: Using compression block alignment '2048'
[2025.12.05-22.55.46:700][  0]LogIoStore: Display: Using compression min bytes saved '1024'
[2025.12.05-22.55.46:700][  0]LogIoStore: Display: Using compression min percent saved '5'
[2025.12.05-22.55.46:700][  0]LogIoStore: Display: Using max partition size '0'
[2025.12.05-22.55.46:700][  0]LogIoStore: Display: Not using DDC for compression
[2025.12.05-22.55.46:700][  0]LogIoStore: Display: Using command list file: 'C:\Users\reese\AppData\Roaming\Unreal Engine\AutomationTool\Logs\C+Program+Files+Epic+Games+UE_5.6\IoStoreCommands.txt'
[2025.12.05-22.55.46:702][  0]LogIoStore: Display: Selected Oodle level 4 (Normal) from command line for shaders
[2025.12.05-22.55.46:702][  0]LogIoStore: Display: Fetched 620 oplog items from Manifest in 0.00 seconds
[2025.12.05-22.55.46:705][  0]LogIoStore: Display: Parsed 620 oplog items 0.00 seconds, 756 chunks
[2025.12.05-22.55.46:712][  0]LogIoStore: Display: Using input asset registry: C:/Users/reese/OneDrive/Documents/Unreal Projects/Fall2025-SoloGame/Fall2025_SoloGame/Saved/Cooked/Windows/Fall2025_SoloGame/Metadata/DevelopmentAssetRegistry.bin
[2025.12.05-22.55.46:716][  0]LogIoStore: Display: Loaded 143 chunk hashes from AssetRegistry in 0.01 seconds, 143 hashes updated in 0.00 seconds
[2025.12.05-22.55.46:718][  0]LogIoStore: Display: Searching for cooked assets in folder 'C:\Users\reese\OneDrive\Documents\Unreal Projects\Fall2025-SoloGame\Fall2025_SoloGame\Saved\Cooked\Windows'
[2025.12.05-22.55.46:738][  0]LogIoStore: Display: Found '1377' files
[2025.12.05-22.55.46:749][  0]LogIoStore: Display: Creating container targets...
[2025.12.05-22.55.46:754][  0]OodleDataCompression: Display: Oodle v2.9.13 format for pak/iostore with method=Kraken, level=4=Normal
[2025.12.05-22.55.46:796][  0]LogIoStore: Display: Parsing packages...
[2025.12.05-22.55.46:796][  0]LogIoStore: Display: Reading package assets...
[2025.12.05-22.55.46:805][  0]LogIoStore: Display: Packages read 613 files in 0.01 seconds, 1,017,683 total bytes, 118,924,322 bytes per second
[2025.12.05-22.55.46:809][  0]LogIoStore: Display: Processing shader libraries, compressing with Oodle Mermaid, level 4 (Normal)
[2025.12.05-22.55.46:812][  0]LogShaderLibrary: Display: Created IoStoreShaderArchive header: shaders grouped in 171 groups (77 of them didn't need new indices), average uncompressed size 57380 bytes, min 490 bytes, max 1023535 bytes (r.ShaderCodeLibrary.MaxShaderGroupSize=1048576)
[2025.12.05-22.55.46:840][  0]LogIoStore: Display: Fall2025_SoloGame-PCD3D_SM5(PCD3D_SM5): Recompressed 1150 shaders as 171 groups. Library size changed from 2789 KB (3.44 : 1 ratio) to 1114 KB (8.60 : 1 ratio), 39.94% of previous.
[2025.12.05-22.55.46:847][  0]LogShaderLibrary: Display: Created IoStoreShaderArchive header: shaders grouped in 199 groups (55 of them didn't need new indices), average uncompressed size 129396 bytes, min 2342 bytes, max 1002946 bytes (r.ShaderCodeLibrary.MaxShaderGroupSize=1048576)
[2025.12.05-22.55.47:007][  0]LogIoStore: Display: Fall2025_SoloGame-PCD3D_SM6(PCD3D_SM6): Recompressed 2198 shaders as 199 groups. Library size changed from 19278 KB (1.30 : 1 ratio) to 12496 KB (2.01 : 1 ratio), 64.82% of previous.
[2025.12.05-22.55.47:014][  0]LogShaderLibrary: Display: Created IoStoreShaderArchive header: shaders grouped in 386 groups (142 of them didn't need new indices), average uncompressed size 148395 bytes, min 249 bytes, max 1048075 bytes (r.ShaderCodeLibrary.MaxShaderGroupSize=1048576)
[2025.12.05-22.55.47:143][  0]LogIoStore: Display: Global-PCD3D_SM5(PCD3D_SM5): Recompressed 4131 shaders as 386 groups. Library size changed from 12789 KB (4.37 : 1 ratio) to 5625 KB (9.94 : 1 ratio), 43.98% of previous.
[2025.12.05-22.55.47:187][  0]LogShaderLibrary: Display: Created IoStoreShaderArchive header: shaders grouped in 643 groups (192 of them didn't need new indices), average uncompressed size 295165 bytes, min 1249 bytes, max 1045520 bytes (r.ShaderCodeLibrary.MaxShaderGroupSize=1048576)
[2025.12.05-22.55.48:515][  0]LogIoStore: Display: Global-PCD3D_SM6(PCD3D_SM6): Recompressed 10718 shaders as 643 groups. Library size changed from 140685 KB (1.32 : 1 ratio) to 82422 KB (2.25 : 1 ratio), 58.59% of previous.
[2025.12.05-22.55.48:520][  0]LogIoStore: Display: Shaders processed in 1.71 seconds
[2025.12.05-22.55.48:521][  0]LogIoStore: Display: Initialized WriteRequestManager with MaxConcurrentSourceReads=8 (16 cores), MaxSourceBufferMemory=3072MiB
[2025.12.05-22.55.48:524][  0]LogIoStore: Display: Processing redirects...
[2025.12.05-22.55.48:524][  0]LogIoStore: Display: Creating disk layout...
[2025.12.05-22.55.48:526][  0]LogIoStore: Display: Ordered 613 packages using fallback bundle order
[2025.12.05-22.55.48:545][  0]LogIoStore: Display: Serializing container(s)...
[2025.12.05-22.55.49:215][  0]LogIoStore: Display: Writing and compressing took 0.61 seconds, writes to disk took 0.51 seconds for 239,224,112 bytes @ 470,737,079 bytes per second.
[2025.12.05-22.55.49:215][  0]LogIoStore: Display: global: Found perfect hashmap for 1 items.
[2025.12.05-22.55.49:216][  0]LogIoStore: Display: Fall2025_SoloGame-Windows: Found perfect hashmap for 2159 items.
[2025.12.05-22.55.49:225][  0]LogIoStore: Display: Finalize took 0.0 seconds for 2 writers to write 217,471 bytes, 21,750,580 bytes per second
[2025.12.05-22.55.49:225][  0]LogIoStore: Display: Writing tocs... [Physical: 780 MiB, Virtual: 3498 MiB]
[2025.12.05-22.55.49:225][  0]LogIoStore: Display: 143 / 2,160 hashes were loaded from the hash database, by type:
[2025.12.05-22.55.49:225][  0]LogIoStore: Display:     BulkData                   143
[2025.12.05-22.55.49:225][  0]LogIoStore: Display: 756 / 2,160 chunks attempted to compress, by type:
[2025.12.05-22.55.49:225][  0]LogIoStore: Display:     ExportBundleData           613 / 613
[2025.12.05-22.55.49:225][  0]LogIoStore: Display:     BulkData                   143 / 143
[2025.12.05-22.55.49:225][  0]LogIoStore: Display:     ScriptObjects              0 / 1
[2025.12.05-22.55.49:225][  0]LogIoStore: Display:     ContainerHeader            0 / 1
[2025.12.05-22.55.49:225][  0]LogIoStore: Display:     ShaderCodeLibrary          0 / 4
[2025.12.05-22.55.49:225][  0]LogIoStore: Display:     ShaderCode                 0 / 1,398
[2025.12.05-22.55.49:226][  0]LogIoStore: Display: Source bytes read:
[2025.12.05-22.55.49:226][  0]LogIoStore: Display:     Zen:                                  0
[2025.12.05-22.55.49:226][  0]LogIoStore: Display:     Loose File:                 363,603,280
[2025.12.05-22.55.49:226][  0]LogIoStore: Display:         ExportBundleData        331,123,832 bytes over 1,226 reads
[2025.12.05-22.55.49:226][  0]LogIoStore: Display:         BulkData                 32,479,448 bytes over 143 reads
[2025.12.05-22.55.49:226][  0]LogIoStore: Display:     Memory:                     209,651,108
[2025.12.05-22.55.49:226][  0]LogIoStore: Display:         ShaderCodeLibrary         1,455,304 bytes over 8 reads
[2025.12.05-22.55.49:226][  0]LogIoStore: Display:         ShaderCode              208,195,804 bytes over 2,796 reads
[2025.12.05-22.55.49:226][  0]LogIoStore: Display: Calculating stats...
[2025.12.05-22.55.49:226][  0]LogIoStore: Display: 
[2025.12.05-22.55.49:226][  0]LogIoStore: Display: Container Summary
[2025.12.05-22.55.49:226][  0]LogIoStore: Display: ==================
[2025.12.05-22.55.49:226][  0]LogIoStore: Display: 
[2025.12.05-22.55.49:226][  0]LogIoStore: Display: Container                                               Flags      Chunk(s) #       TOC (KiB)       Raw Size (MiB)           Size (MiB)
[2025.12.05-22.55.49:226][  0]LogIoStore: Display: ----------------------------------------------------------------------------------------------------------------------------------------------
[2025.12.05-22.55.49:226][  0]LogIoStore: Display: global                                              -/-/-/-/-               1            0.66                 2.46                 2.46 -
[2025.12.05-22.55.49:226][  0]LogIoStore: Display: Fall2025_SoloGame-Windows                           C/-/-/I/-            2159          211.72               291.02               225.69 (22.45% Oodle)
[2025.12.05-22.55.49:226][  0]LogIoStore: Display: ----------------------------------------------------------------------------------------------------------------------------------------------
[2025.12.05-22.55.49:226][  0]LogIoStore: Display: Total                                                                    2160          212.37               293.48               228.14
[2025.12.05-22.55.49:226][  0]LogIoStore: Display: 
[2025.12.05-22.55.49:226][  0]LogIoStore: Display: ** Flags: (C)ompressed / (E)ncrypted / (S)igned) / (I)ndexed) / (O)nDemand **
[2025.12.05-22.55.49:226][  0]LogIoStore: Display: 
[2025.12.05-22.55.49:226][  0]LogIoStore: Display: Compression block padding:     1.57 MiB
[2025.12.05-22.55.49:226][  0]LogIoStore: Display: 
[2025.12.05-22.55.49:226][  0]LogIoStore: Display: Container Directory Index
[2025.12.05-22.55.49:226][  0]LogIoStore: Display: ==========================
[2025.12.05-22.55.49:226][  0]LogIoStore: Display: 
[2025.12.05-22.55.49:226][  0]LogIoStore: Display: Container                                          Size (KiB)
[2025.12.05-22.55.49:226][  0]LogIoStore: Display: ----------------------------------------------------------------------------------------------------------------------------------------------
[2025.12.05-22.55.49:226][  0]LogIoStore: Display: global                                                   0.00
[2025.12.05-22.55.49:226][  0]LogIoStore: Display: Fall2025_SoloGame-Windows                               36.33
[2025.12.05-22.55.49:226][  0]LogIoStore: Display: 
[2025.12.05-22.55.49:226][  0]LogIoStore: Display: Container Patch Report
[2025.12.05-22.55.49:226][  0]LogIoStore: Display: ========================
[2025.12.05-22.55.49:226][  0]LogIoStore: Display: 
[2025.12.05-22.55.49:226][  0]LogIoStore: Display: Container                                             Total #       Modified #          Added #   Modified (MiB)      Added (MiB)
[2025.12.05-22.55.49:226][  0]LogIoStore: Display: ----------------------------------------------------------------------------------------------------------------------------------------------
[2025.12.05-22.55.49:226][  0]LogIoStore: Display: global                                                      1                0                0             0.00             0.00
[2025.12.05-22.55.49:226][  0]LogIoStore: Display: Fall2025_SoloGame-Windows                                2159                0             2159             0.00           224.12
[2025.12.05-22.55.49:226][  0]LogIoStore: Display: 
[2025.12.05-22.55.49:226][  0]LogIoStore: Display: PackageStore
[2025.12.05-22.55.49:226][  0]LogIoStore: Display: =============
[2025.12.05-22.55.49:226][  0]LogIoStore: Display: 
[2025.12.05-22.55.49:226][  0]LogIoStore: Display: Container                                          Size (KiB)      Packages #     Localized #
[2025.12.05-22.55.49:226][  0]LogIoStore: Display: ----------------------------------------------------------------------------------------------------------------------------------------------
[2025.12.05-22.55.49:226][  0]LogIoStore: Display: Fall2025_SoloGame-Windows                                  20             613               0
[2025.12.05-22.55.49:226][  0]LogIoStore: Display: ----------------------------------------------------------------------------------------------------------------------------------------------
[2025.12.05-22.55.49:226][  0]LogIoStore: Display: Total                                                      20             613               0
[2025.12.05-22.55.49:226][  0]LogIoStore: Display: 
[2025.12.05-22.55.49:226][  0]LogIoStore: Display: 
[2025.12.05-22.55.49:226][  0]LogIoStore: Display: Input:       613 Packages
[2025.12.05-22.55.49:227][  0]LogIoStore: Display: Input:      0.15 GB UExp
[2025.12.05-22.55.49:227][  0]LogIoStore: Display: Input:      0.00 GB UAsset
[2025.12.05-22.55.49:227][  0]LogIoStore: Display: Input:      0.03 GB UBulk
[2025.12.05-22.55.49:227][  0]LogIoStore: Display: Input:     85.98 MB for 1029 Global shaders
[2025.12.05-22.55.49:227][  0]LogIoStore: Display: Input:      1.59 MB for 175 Shared shaders
[2025.12.05-22.55.49:227][  0]LogIoStore: Display: Input:      0.00 MB for 0 Unique shaders
[2025.12.05-22.55.49:227][  0]LogIoStore: Display: Input:     11.70 MB for 194 Inline shaders
[2025.12.05-22.55.49:227][  0]LogIoStore: Display: 
[2025.12.05-22.55.49:227][  0]LogIoStore: Display: Output:     7023 Name map entries
[2025.12.05-22.55.49:227][  0]LogIoStore: Display: Output:      772 Imported package entries
[2025.12.05-22.55.49:227][  0]LogIoStore: Display: Output:      352 Packages without imports
[2025.12.05-22.55.49:227][  0]LogIoStore: Display: Output:        0 Public runtime script objects
[2025.12.05-22.55.49:227][  0]LogIoStore: Display: Output:     0.00 GB HeaderData
[2025.12.05-22.55.49:227][  0]LogIoStore: Display: Output:     2.46 MB InitialLoadData
[2025.12.05-22.55.49:227][  0]LogIoStore: Display: 
[2025.12.05-22.55.49:232][  0]LogPakFile: Display: UnrealPak executed in 2.534398 seconds
[2025.12.05-22.55.49:234][  0]LogCore: Engine exit requested (reason: UnrealPak Exiting)
[2025.12.05-22.55.49:234][  0]LogExit: Preparing to exit.
[2025.12.05-22.55.49:234][  0]LogExit: Object subsystem successfully closed.
[2025.12.05-22.55.49:236][  0]LogPakFile: Destroying PakPlatformFile
[2025.12.05-22.55.49:237][  0]LogExit: Exiting.
[2025.12.05-22.55.49:249][  0]Log file closed, 12/05/25 17:55:49
