[0917/094018.804:ERROR:ssl_client_socket_impl.cc(947)] handshake failed; returned -1, SSL error code 1, net_error -101
[0917/094018.840:ERROR:ssl_client_socket_impl.cc(947)] handshake failed; returned -1, SSL error code 1, net_error -101
[0917/094034.702:ERROR:ssl_client_socket_impl.cc(947)] handshake failed; returned -1, SSL error code 1, net_error -101
[0917/094034.703:ERROR:ssl_client_socket_impl.cc(947)] handshake failed; returned -1, SSL error code 1, net_error -101
[0917/094034.735:ERROR:ssl_client_socket_impl.cc(947)] handshake failed; returned -1, SSL error code 1, net_error -101
[0917/094034.736:ERROR:ssl_client_socket_impl.cc(947)] handshake failed; returned -1, SSL error code 1, net_error -101
[0917/094106.308:ERROR:ssl_client_socket_impl.cc(947)] handshake failed; returned -1, SSL error code 1, net_error -101
[0917/094106.308:ERROR:ssl_client_socket_impl.cc(947)] handshake failed; returned -1, SSL error code 1, net_error -101
[0917/094106.341:ERROR:ssl_client_socket_impl.cc(947)] handshake failed; returned -1, SSL error code 1, net_error -101
[0917/094106.349:ERROR:ssl_client_socket_impl.cc(947)] handshake failed; returned -1, SSL error code 1, net_error -101
[0917/094115.558:ERROR:ssl_client_socket_impl.cc(947)] handshake failed; returned -1, SSL error code 1, net_error -101
[0917/094115.559:ERROR:ssl_client_socket_impl.cc(947)] handshake failed; returned -1, SSL error code 1, net_error -101
[0917/094115.601:ERROR:ssl_client_socket_impl.cc(947)] handshake failed; returned -1, SSL error code 1, net_error -101
[0917/094115.602:ERROR:ssl_client_socket_impl.cc(947)] handshake failed; returned -1, SSL error code 1, net_error -101
[0917/094117.615:ERROR:ssl_client_socket_impl.cc(947)] handshake failed; returned -1, SSL error code 1, net_error -101
[0917/094117.616:ERROR:ssl_client_socket_impl.cc(947)] handshake failed; returned -1, SSL error code 1, net_error -101
[0917/094117.655:ERROR:ssl_client_socket_impl.cc(947)] handshake failed; returned -1, SSL error code 1, net_error -101
[0917/094117.655:ERROR:ssl_client_socket_impl.cc(947)] handshake failed; returned -1, SSL error code 1, net_error -101
[0917/094119.619:WARNING:angle_platform_impl.cc(48)] HLSLCompiler.cpp:257 (compileToBinary): 
C:\fakepath(102,1-6): warning X4000: use of potentially uninitialized variable (dyn_index_vec4_float4)

[0917/094119.831:WARNING:angle_platform_impl.cc(48)] HLSLCompiler.cpp:257 (compileToBinary): 
C:\fakepath(135,1): warning X4000: use of potentially uninitialized variable (f_i)
C:\fakepath(137,1): warning X4000: use of potentially uninitialized variable (f_i)
C:\fakepath(173,1): warning X4000: use of potentially uninitialized variable (f_u)

[0917/094120.754:WARNING:angle_platform_impl.cc(48)] HLSLCompiler.cpp:257 (compileToBinary): 
C:\fakepath(165,1): warning X4000: use of potentially uninitialized variable (f_renderMipMapLevel)

[0917/094133.087:WARNING:angle_platform_impl.cc(48)] HLSLCompiler.cpp:257 (compileToBinary): 
C:\fakepath(102,1-6): warning X4000: use of potentially uninitialized variable (dyn_index_vec4_float4)

[0917/094133.244:WARNING:angle_platform_impl.cc(48)] HLSLCompiler.cpp:257 (compileToBinary): 
C:\fakepath(135,1): warning X4000: use of potentially uninitialized variable (f_i)
C:\fakepath(137,1): warning X4000: use of potentially uninitialized variable (f_i)
C:\fakepath(173,1): warning X4000: use of potentially uninitialized variable (f_u)

[0917/094134.017:WARNING:angle_platform_impl.cc(48)] HLSLCompiler.cpp:257 (compileToBinary): 
C:\fakepath(165,1): warning X4000: use of potentially uninitialized variable (f_renderMipMapLevel)

[0917/094142.256:ERROR:ssl_client_socket_impl.cc(947)] handshake failed; returned -1, SSL error code 1, net_error -101
[0917/094142.288:ERROR:ssl_client_socket_impl.cc(947)] handshake failed; returned -1, SSL error code 1, net_error -101
[0917/094142.330:ERROR:ssl_client_socket_impl.cc(947)] handshake failed; returned -1, SSL error code 1, net_error -101
[0917/094142.364:ERROR:ssl_client_socket_impl.cc(947)] handshake failed; returned -1, SSL error code 1, net_error -101
[0917/094147.184:ERROR:ssl_client_socket_impl.cc(947)] handshake failed; returned -1, SSL error code 1, net_error -101
[0917/094147.184:ERROR:ssl_client_socket_impl.cc(947)] handshake failed; returned -1, SSL error code 1, net_error -101
[0917/094147.218:ERROR:ssl_client_socket_impl.cc(947)] handshake failed; returned -1, SSL error code 1, net_error -101
[0917/094147.218:ERROR:ssl_client_socket_impl.cc(947)] handshake failed; returned -1, SSL error code 1, net_error -101
[0917/094214.067:ERROR:gpu_init.cc(426)] Passthrough is not supported, GL is disabled
[0917/094217.531:ERROR:ssl_client_socket_impl.cc(947)] handshake failed; returned -1, SSL error code 1, net_error -101
[0917/094217.565:ERROR:ssl_client_socket_impl.cc(947)] handshake failed; returned -1, SSL error code 1, net_error -101
